[ +261 ms] exiting with code 1
